nameserver 127.0.0.11
nameserver fdb6:b8fe:b528::1

# Based on host file: '/etc/resolv.conf' (internal resolver)
# ExtServers: [10.0.0.1]
# Overrides: []
