nameserver 127.0.0.11
nameserver fd14:6e0e:f855::1

# Based on host file: '/etc/resolv.conf' (internal resolver)
# Overrides: []
